// Jest Snapshot v1, https://goo.gl/fbAQLP

exports[`DiceRoll renders DiceRoll 1`] = `
<div>
  <div>
    <div>
      NiceDice
    </div>
    <div>
      Lancer le d√© !
    </div>
  </div>
</div>
`;
