// Jest Snapshot v1, https://goo.gl/fbAQLP

exports[`NiceDice renders DiceRoll 1`] = `
<div>
  <button
    data-testid="button"
  />
</div>
`;
